07-20 07:36:27.956   904   953 E _V_HfLooper: als_data lux_r_g_b_c:1.000000 220.000000 4.000000 221.000000 80.000000 id:15.000000 angle:83.430000 3.680000 95.000000 motion:0
07-20 07:36:28.116   904   953 E _V_HfLooper: als_data lux_r_g_b_c:1.000000 219.000000 4.000000 219.000000 79.000000 id:15.000000 angle:83.139999 3.410000 95.000000 motion:0
07-20 07:36:28.276   904   953 E _V_HfLooper: als_data lux_r_g_b_c:1.000000 218.000000 4.000000 219.000000 79.000000 id:15.000000 angle:83.089996 3.280000 96.000000 motion:0
07-20 07:36:28.436   904   953 E _V_HfLooper: als_data lux_r_g_b_c:1.000000 218.000000 4.000000 219.000000 79.000000 id:15.000000 angle:82.540001 3.570000 96.000000 motion:0
07-20 07:36:28.596   904   953 E _V_HfLooper: als_data lux_r_g_b_c:1.000000 218.000000 4.000000 218.000000 79.000000 id:15.000000 angle:83.070000 3.590000 95.000000 motion:0
07-20 07:36:28.756   904   953 E _V_HfLooper: als_data lux_r_g_b_c:1.000000 218.000000 4.000000 218.000000 78.000000 id:15.000000 angle:83.150002 3.330000 95.000000 motion:0
07-20 07:36:28.916   904   953 E _V_HfLooper: als_data lux_r_g_b_c:1.000000 218.000000 4.000000 219.000000 79.000000 id:15.000000 angle:82.629997 3.410000 96.000000 motion:0
07-20 07:36:29.076   904   953 E _V_HfLooper: als_data lux_r_g_b_c:1.000000 218.000000 4.000000 219.000000 79.000000 id:15.000000 angle:82.510002 3.420000 96.000000 motion:0
07-20 07:36:29.234   587   609 I mtkpower@impl: [powerd_req] POWER_MSG_CUS_LOCK_HINT: hint:160, duration:500, pid:625
07-20 07:36:29.234   587   609 I libPowerHal: perfLockAcq hdl:0 pid:625 duration:500 pid_exist:1 => new_hdl:41346
07-20 07:36:29.234   587   609 I libPowerHal: [PE] scn:256 hdl:41346 lock_user:vperf@1.0-servi pid:625 tid:0
07-20 07:36:29.234   587   609 I libPowerHal: vperf@1.0-servi: cpu_ctrl set cpu freq: 2000000 -1 2400000 -1
07-20 07:36:29.236 26033 32479 E _V_SecurityKey: com.bbk.updater: check collect data permisson: PERMISSION_DENIED
07-20 07:36:29.236   904   953 E _V_HfLooper: als_data lux_r_g_b_c:1.000000 217.000000 4.000000 218.000000 79.000000 id:15.000000 angle:83.389999 3.400000 95.000000 motion:0
07-20 07:36:29.239   587   609 I mtkpower@impl: [powerd_req] POWER_MSG_CUS_LOCK_HINT: hint:160, duration:500, pid:625
07-20 07:36:29.239   587   609 I libPowerHal: perfLockAcq hdl:0 pid:625 duration:500 pid_exist:1 => new_hdl:41347
07-20 07:36:29.239   587   609 I libPowerHal: [PE] scn:258 hdl:41347 lock_user:vperf@1.0-servi pid:625 tid:0
07-20 07:36:29.242  1683 13103 E InputDispatcher: Window handle Window{5b76977 u0 com.bbk.updater} has no registered input channel
07-20 07:36:29.327  1683  3935 E WindowManager: App trying to use insecure INPUT_FEATURE_NO_INPUT_CHANNEL flag. Ignoring
07-20 07:36:29.366  5234  5398 E VivoPush.PushInterfaceManager: (5234)onMessageReport messageId is not valid
07-20 07:36:29.375   587   609 I mtkpower@impl: [powerd_req] POWER_MSG_CUS_LOCK_HINT: hint:160, duration:500, pid:625
07-20 07:36:29.375   587   609 I libPowerHal: perfLockAcq hdl:0 pid:625 duration:500 pid_exist:1 => new_hdl:41348
07-20 07:36:29.375   587   609 I libPowerHal: [PE] scn:259 hdl:41348 lock_user:vperf@1.0-servi pid:625 tid:0
07-20 07:36:29.376   587   609 I mtkpower@impl: [powerd_req] POWER_MSG_CUS_LOCK_HINT: hint:160, duration:500, pid:625
07-20 07:36:29.376   587   609 I libPowerHal: perfLockAcq hdl:0 pid:625 duration:500 pid_exist:1 => new_hdl:41349
07-20 07:36:29.376   587   609 I libPowerHal: [PE] scn:260 hdl:41349 lock_user:vperf@1.0-servi pid:625 tid:0
07-20 07:36:29.380   587   609 I mtkpower@impl: [powerd_req] POWER_MSG_CUS_LOCK_HINT: hint:160, duration:500, pid:625
07-20 07:36:29.380   587   609 I libPowerHal: perfLockAcq hdl:0 pid:625 duration:500 pid_exist:1 => new_hdl:41350
07-20 07:36:29.380   587   609 I libPowerHal: [PE] scn:261 hdl:41350 lock_user:vperf@1.0-servi pid:625 tid:0
07-20 07:36:29.396   904   953 E _V_HfLooper: als_data lux_r_g_b_c:1.000000 218.000000 4.000000 218.000000 78.000000 id:15.000000 angle:83.400002 3.660000 95.000000 motion:0
07-20 07:36:29.508   625   625 I mtkpower_client: perf_lock_rel, hdl:41346, tid:625
07-20 07:36:29.510   587   609 E powerd  : _Powerd_handleIPC lock_rel, hdl:41346
07-20 07:36:29.510   587   609 I mtkpower@impl: [powerd_req] POWER_MSG_PERF_LOCK_REL: hdl:41346
07-20 07:36:29.510   587   609 I libPowerHal: perfLockRel handle:41346
07-20 07:36:29.511   587   609 I libPowerHal: [PD] scn:256 hdl:41346 lock_user:vperf@1.0-servi pid:625 tid:0
07-20 07:36:29.542   625   625 I mtkpower_client: perf_lock_rel, hdl:41347, tid:625
07-20 07:36:29.544   587   609 E powerd  : _Powerd_handleIPC lock_rel, hdl:41347
07-20 07:36:29.544   587   609 I mtkpower@impl: [powerd_req] POWER_MSG_PERF_LOCK_REL: hdl:41347
07-20 07:36:29.544   587   609 I libPowerHal: perfLockRel handle:41347
07-20 07:36:29.544   587   609 I libPowerHal: [PD] scn:258 hdl:41347 lock_user:vperf@1.0-servi pid:625 tid:0
07-20 07:36:29.556   904   953 E _V_HfLooper: als_data lux_r_g_b_c:1.000000 219.000000 4.000000 219.000000 79.000000 id:15.000000 angle:84.169998 3.980000 94.000000 motion:0
07-20 07:36:29.686   625   625 I mtkpower_client: perf_lock_rel, hdl:41348, tid:625
07-20 07:36:29.687   587   609 E powerd  : _Powerd_handleIPC lock_rel, hdl:41348
07-20 07:36:29.687   625   625 I mtkpower_client: perf_lock_rel, hdl:41349, tid:625
07-20 07:36:29.687   587   609 I mtkpower@impl: [powerd_req] POWER_MSG_PERF_LOCK_REL: hdl:41348
07-20 07:36:29.687   587   609 I libPowerHal: perfLockRel handle:41348
07-20 07:36:29.687   587   609 I libPowerHal: [PD] scn:259 hdl:41348 lock_user:vperf@1.0-servi pid:625 tid:0
07-20 07:36:29.687   625   625 I mtkpower_client: perf_lock_rel, hdl:41350, tid:625
07-20 07:36:29.687   587   609 E powerd  : _Powerd_handleIPC lock_rel, hdl:41349
07-20 07:36:29.687   587   609 I mtkpower@impl: [powerd_req] POWER_MSG_PERF_LOCK_REL: hdl:41349
07-20 07:36:29.688   587   609 I libPowerHal: perfLockRel handle:41349
07-20 07:36:29.688   587   609 I libPowerHal: [PD] scn:260 hdl:41349 lock_user:vperf@1.0-servi pid:625 tid:0
07-20 07:36:29.688   587   609 E powerd  : _Powerd_handleIPC lock_rel, hdl:41350
07-20 07:36:29.688   587   609 I mtkpower@impl: [powerd_req] POWER_MSG_PERF_LOCK_REL: hdl:41350
07-20 07:36:29.688   587   609 I libPowerHal: perfLockRel handle:41350
07-20 07:36:29.688   587   609 I libPowerHal: [PD] scn:261 hdl:41350 lock_user:vperf@1.0-servi pid:625 tid:0
07-20 07:36:29.689   587   609 I libPowerHal: vperf@1.0-servi: cpu_ctrl set cpu freq: -1 -1 -1 -1
07-20 07:36:29.716   904   953 E _V_HfLooper: als_data lux_r_g_b_c:1.000000 219.000000 4.000000 220.000000 79.000000 id:15.000000 angle:83.169998 3.520000 95.000000 motion:0
07-20 07:36:29.876   904   953 E _V_HfLooper: als_data lux_r_g_b_c:1.000000 219.000000 4.000000 220.000000 79.000000 id:15.000000 angle:83.410004 3.690000 95.000000 motion:0
07-20 07:36:30.036   904   953 E _V_HfLooper: als_data lux_r_g_b_c:1.000000 219.000000 4.000000 219.000000 79.000000 id:15.000000 angle:83.250000 3.400000 95.000000 motion:0
07-20 07:36:30.196   904   953 E _V_HfLooper: als_data lux_r_g_b_c:1.000000 219.000000 4.000000 219.000000 78.000000 id:15.000000 angle:83.309998 3.470000 95.000000 motion:0
07-20 07:36:30.356   904   953 E _V_HfLooper: als_data lux_r_g_b_c:1.000000 219.000000 4.000000 220.000000 79.000000 id:15.000000 angle:83.300003 3.490000 95.000000 motion:0
07-20 07:36:30.516   904   953 E _V_HfLooper: als_data lux_r_g_b_c:1.000000 219.000000 4.000000 219.000000 79.000000 id:15.000000 angle:83.370003 3.610000 95.000000 motion:0
07-20 07:36:30.676   904   953 E _V_HfLooper: als_data lux_r_g_b_c:1.000000 219.000000 4.000000 220.000000 79.000000 id:15.000000 angle:83.260002 3.510000 95.000000 motion:0
07-20 07:36:30.815  1683  2146 E ActivityManager: Sending non-protected broadcast com.vivo.aiengine.intent.action.SMART_SCHEDULER from system uid 1000 pkg com.vivo.aiengine
07-20 07:36:30.836   904   953 E _V_HfLooper: als_data lux_r_g_b_c:1.000000 219.000000 4.000000 219.000000 79.000000 id:15.000000 angle:83.290001 3.540000 95.000000 motion:0
07-20 07:36:30.997   904   953 E _V_HfLooper: als_data lux_r_g_b_c:1.000000 219.000000 4.000000 219.000000 79.000000 id:15.000000 angle:83.510002 3.410000 95.000000 motion:0
07-20 07:36:31.156   904   953 E _V_HfLooper: als_data lux_r_g_b_c:1.000000 218.000000 4.000000 219.000000 79.000000 id:15.000000 angle:83.430000 3.280000 95.000000 motion:0
07-20 07:36:31.316   904   953 E _V_HfLooper: als_data lux_r_g_b_c:1.000000 219.000000 4.000000 219.000000 79.000000 id:15.000000 angle:83.349998 3.220000 95.000000 motion:0
07-20 07:36:31.476   904   953 E _V_HfLooper: als_data lux_r_g_b_c:1.000000 219.000000 4.000000 219.000000 79.000000 id:15.000000 angle:83.360001 3.280000 95.000000 motion:0
07-20 07:36:31.636   904   953 E _V_HfLooper: als_data lux_r_g_b_c:1.000000 219.000000 4.000000 220.000000 79.000000 id:15.000000 angle:83.419998 3.410000 95.000000 motion:0
07-20 07:36:31.796   904   953 E _V_HfLooper: als_data lux_r_g_b_c:1.000000 219.000000 4.000000 220.000000 79.000000 id:15.000000 angle:83.559998 3.420000 95.000000 motion:0
07-20 07:36:31.956   904   953 E _V_HfLooper: als_data lux_r_g_b_c:1.000000 219.000000 4.000000 219.000000 79.000000 id:15.000000 angle:83.470001 3.600000 95.000000 motion:0
07-20 07:36:32.116   904   953 E _V_HfLooper: als_data lux_r_g_b_c:1.000000 219.000000 4.000000 220.000000 79.000000 id:15.000000 angle:83.529999 3.570000 95.000000 motion:0
07-20 07:36:32.276   904   953 E _V_HfLooper: als_data lux_r_g_b_c:1.000000 219.000000 4.000000 220.000000 79.000000 id:15.000000 angle:83.080002 3.390000 96.000000 motion:0
07-20 07:36:32.436   904   953 E _V_HfLooper: als_data lux_r_g_b_c:1.000000 219.000000 4.000000 220.000000 79.000000 id:15.000000 angle:83.080002 3.420000 95.000000 motion:0
07-20 07:36:32.596   904   953 E _V_HfLooper: als_data lux_r_g_b_c:1.000000 219.000000 4.000000 220.000000 79.000000 id:15.000000 angle:83.150002 3.560000 95.000000 motion:0
07-20 07:36:32.756   904   953 E _V_HfLooper: als_data lux_r_g_b_c:1.000000 220.000000 4.000000 220.000000 80.000000 id:15.000000 angle:83.349998 3.460000 95.000000 motion:0
07-20 07:36:32.916   904   953 E _V_HfLooper: als_data lux_r_g_b_c:1.000000 219.000000 4.000000 220.000000 79.000000 id:15.000000 angle:83.349998 3.360000 95.000000 motion:0
07-20 07:36:33.076   904   953 E _V_HfLooper: als_data lux_r_g_b_c:1.000000 219.000000 4.000000 220.000000 79.000000 id:15.000000 angle:83.349998 3.230000 95.000000 motion:0
07-20 07:36:33.236   904   953 E _V_HfLooper: als_data lux_r_g_b_c:1.000000 219.000000 4.000000 220.000000 79.000000 id:15.000000 angle:83.199997 3.350000 95.000000 motion:0
07-20 07:36:33.396   904   953 E _V_HfLooper: als_data lux_r_g_b_c:1.000000 220.000000 4.000000 220.000000 79.000000 id:15.000000 angle:83.589996 3.330000 95.000000 motion:0
07-20 07:36:33.556   904   953 E _V_HfLooper: als_data lux_r_g_b_c:1.000000 219.000000 4.000000 220.000000 79.000000 id:15.000000 angle:83.500000 3.400000 95.000000 motion:0
07-20 07:36:33.716   904   953 E _V_HfLooper: als_data lux_r_g_b_c:1.000000 220.000000 4.000000 220.000000 79.000000 id:15.000000 angle:83.620003 3.420000 95.000000 motion:0
07-20 07:36:33.876   904   953 E _V_HfLooper: als_data lux_r_g_b_c:1.000000 220.000000 4.000000 220.000000 80.000000 id:15.000000 angle:83.440002 3.560000 95.000000 motion:0
07-20 07:36:34.036   904   953 E _V_HfLooper: als_data lux_r_g_b_c:1.000000 219.000000 4.000000 220.000000 79.000000 id:15.000000 angle:83.349998 3.280000 95.000000 motion:0
07-20 07:36:34.163  3070  4227 E LocationAccessPolicy: canAccessCellLocation in whitList. uid = 10062, pkgName = com.amap.android.location
07-20 07:36:34.190  1683  6026 E LocationAccessPolicy: canAccessCellLocation in whitList. uid = 10062, pkgName = com.amap.android.location
07-20 07:36:34.191  1683  6026 I chatty  : uid=1000(system) Binder:1683_1C identical 2 lines
07-20 07:36:34.191  1683  6026 E LocationAccessPolicy: canAccessCellLocation in whitList. uid = 10062, pkgName = com.amap.android.location
07-20 07:36:34.193  3070  4226 E LocationAccessPolicy: canAccessCellLocation in whitList. uid = 10062, pkgName = com.amap.android.location
07-20 07:36:34.195  3070  4227 E LocationAccessPolicy: canAccessCellLocation in whitList. uid = 10062, pkgName = com.amap.android.location
07-20 07:36:34.196   904   953 E _V_HfLooper: als_data lux_r_g_b_c:1.000000 220.000000 4.000000 220.000000 80.000000 id:15.000000 angle:83.349998 3.450000 95.000000 motion:0
07-20 07:36:34.199  3070  4226 E LocationAccessPolicy: canAccessCellLocation in whitList. uid = 10062, pkgName = com.amap.android.location
07-20 07:36:34.205  3070  4226 E LocationAccessPolicy: canAccessCellLocation in whitList. uid = 10062, pkgName = com.amap.android.location
07-20 07:36:34.225   587   609 I mtkpower@impl: [powerd_req] POWER_MSG_CUS_LOCK_HINT: hint:160, duration:500, pid:625
07-20 07:36:34.225   587   609 I libPowerHal: perfLockAcq hdl:0 pid:625 duration:500 pid_exist:1 => new_hdl:41351
07-20 07:36:34.225   587   609 I libPowerHal: [PE] scn:256 hdl:41351 lock_user:vperf@1.0-servi pid:625 tid:0
07-20 07:36:34.226   587   609 I libPowerHal: vperf@1.0-servi: cpu_ctrl set cpu freq: 2000000 -1 2400000 -1
07-20 07:36:34.227   587   609 I mtkpower@impl: [powerd_req] POWER_MSG_CUS_LOCK_HINT: hint:160, duration:500, pid:625
07-20 07:36:34.227   587   609 I libPowerHal: perfLockAcq hdl:0 pid:625 duration:500 pid_exist:1 => new_hdl:41352
07-20 07:36:34.227   587   609 I libPowerHal: [PE] scn:258 hdl:41352 lock_user:vperf@1.0-servi pid:625 tid:0
07-20 07:36:34.231   587   609 I mtkpower@impl: [powerd_req] POWER_MSG_CUS_LOCK_HINT: hint:160, duration:500, pid:625
07-20 07:36:34.232   587   609 I libPowerHal: perfLockAcq hdl:0 pid:625 duration:500 pid_exist:1 => new_hdl:41353
07-20 07:36:34.232   587   609 I libPowerHal: [PE] scn:259 hdl:41353 lock_user:vperf@1.0-servi pid:625 tid:0
07-20 07:36:34.233  1683  3936 E InputDispatcher: Window handle Window{9b7f0d6 u0 com.bbk.updater} has no registered input channel
07-20 07:36:34.249  1683  6016 E InputDispatcher: Window handle Window{9b7f0d6 u0 com.bbk.updater} has no registered input channel
07-20 07:36:34.258 26033 26072 E _V_Updater/receiver/UpdateReceiver: updater file = /data/vivo-updater/com.bbk.updater/OTAPackage/c9ebe36d54c0267ae6b602d64b75eb54.zip
07-20 07:36:34.263 26033 32479 E _V_SecurityKey: com.bbk.updater: check collect data permisson: PERMISSION_DENIED
